@sceDisplay_driver
sceDisplayIsForeground:0x044FF282
sceDisplayGetFramePerSec:0x13AA96B7
sceDisplayWaitVblankCB:0x16FD49DC
sceDisplayGetBrightnes:0x1CB8CB47
0x92C8F8B7:0x28B0525E
sceDisplayDisable:0x32B67781
sceDisplayGetVblankRest:0x3737A23B
sceDisplaySetFrameBuf:0x4AB7497F
0x66961521:0x5CD75E4A
0x63E22A26:0x643F3841
sceDisplayGetCurrentHcount:0x689C0CC2
sceDisplaySetBrightness:0x776ADFDB
sceDisplayWaitVblankStartCB:0x792E8018
sceDisplayWaitVblank:0x7FBA941A
0x5B5AEFAD:0x820C6038
sceDisplayIsVblank:0x8BE19BF8
0x23CE8C51:0x8DECEF47
sceDisplaySetHoldMode:0x906281D5
sceDisplayEnable:0x946155FD
sceDisplayIsVsync:0xA26AAF53
0xAE0E8972:0xA44B9FFC
sceDisplayAdjustAccumulatedHcount:0xA86C2E86
sceDisplayGetAccumulatedHcount:0xA99B94A3
0xE4E4C018:0xB43C8B57
sceDisplayWaitVblankStart:0xB685BA36
sceDisplayGetResumeMode:0xC3C340AF
sceDisplaySetResumeMode:0xE4AB9AB5
sceDisplayGetFrameBuf:0xE56B11BA
sceDisplayGetVcount:0xE8466BC2
sceDisplayGetForegroundLevel:0xF3C6C317

@sceCtrl_driver
0x5C56C779:0x0B7AC633
sceCtrlSetSamplingMode:0x28E71A16
0xA88E8D22:0x312646B8
0x348D99D4:0x37B6B9E9
sceCtrlReadBufferPositive:0x454455AC
sceCtrlResume:0x4DEA8065
0xB7CEAED4:0x5FCA31C5
0x252D3A8D:0x655DB613
sceCtrlSetSamplingCycle:0x6D74BF08
sceCtrlSetIdleCancelThreshold:0x6F3B46FB
sceCtrlReadLatch:0x7DF19E59
sceCtrlPeekBufferNegative:0x8182D8A0
sceCtrlSuspend:0x84F8AD25
sceCtrlGetSamplingCycle:0x8FE1D531
sceCtrlGetSamplingCycle:0xB1AE49F8
0xCC70B61E:0xBB14FB66
0xAF5960F3:0xBCE989DD
sceCtrlPeekBufferPositive:0xC4AAD55F
sceCtrlSetRapidFire:0xCE223F52
sceCtrlEnd:0xD30D9B80
sceCtrlGetSamplingMode:0xD7F23B0B
0x5E77BC8A:0xDB3CD94C
0x7CA723DC:0xDB6F93CB
sceCtrlPeekLatch:0xEA6EDF43
sceCtrlClearRapidFire:0xEF06B8B2
sceCtrlGetIdleCancelThreshold:0xF3630971
sceCtrlReadBufferNegative:0xFF847C31
